// Jest Snapshot v1, https://goo.gl/fbAQLP

exports[`Header Component renders the component 1`] = `
Object {
  "asFragment": [Function],
  "baseElement": <body>
    <div>
      <h1>
        <i
          aria-hidden="true"
          class="ms-Icon root-105 icon"
          data-icon-name="ClipboardList"
        />
        business data
      </h1>
      <div>
        <span
          data-testid="creationDay"
        >
          This survey was started on 
          16.11.2022
          .
        </span>
        <span
          data-testid="respondersCount"
        >
           Overall, 
          5
           people participated in the survey.
        </span>
      </div>
      <h1
        data-testid="happinessScore"
      >
        <i
          aria-hidden="true"
          class="ms-Icon root-105 icon"
          data-icon-name="ChatBot"
        />
        0
         / 
        100
      </h1>
    </div>
  </body>,
  "container": <div>
    <h1>
      <i
        aria-hidden="true"
        class="ms-Icon root-105 icon"
        data-icon-name="ClipboardList"
      />
      business data
    </h1>
    <div>
      <span
        data-testid="creationDay"
      >
        This survey was started on 
        16.11.2022
        .
      </span>
      <span
        data-testid="respondersCount"
      >
         Overall, 
        5
         people participated in the survey.
      </span>
    </div>
    <h1
      data-testid="happinessScore"
    >
      <i
        aria-hidden="true"
        class="ms-Icon root-105 icon"
        data-icon-name="ChatBot"
      />
      0
       / 
      100
    </h1>
  </div>,
  "debug": [Function],
  "findAllByAltText": [Function],
  "findAllByDisplayValue": [Function],
  "findAllByLabelText": [Function],
  "findAllByPlaceholderText": [Function],
  "findAllByRole": [Function],
  "findAllByTestId": [Function],
  "findAllByText": [Function],
  "findAllByTitle": [Function],
  "findByAltText": [Function],
  "findByDisplayValue": [Function],
  "findByLabelText": [Function],
  "findByPlaceholderText": [Function],
  "findByRole": [Function],
  "findByTestId": [Function],
  "findByText": [Function],
  "findByTitle": [Function],
  "getAllByAltText": [Function],
  "getAllByDisplayValue": [Function],
  "getAllByLabelText": [Function],
  "getAllByPlaceholderText": [Function],
  "getAllByRole": [Function],
  "getAllByTestId": [Function],
  "getAllByText": [Function],
  "getAllByTitle": [Function],
  "getByAltText": [Function],
  "getByDisplayValue": [Function],
  "getByLabelText": [Function],
  "getByPlaceholderText": [Function],
  "getByRole": [Function],
  "getByTestId": [Function],
  "getByText": [Function],
  "getByTitle": [Function],
  "queryAllByAltText": [Function],
  "queryAllByDisplayValue": [Function],
  "queryAllByLabelText": [Function],
  "queryAllByPlaceholderText": [Function],
  "queryAllByRole": [Function],
  "queryAllByTestId": [Function],
  "queryAllByText": [Function],
  "queryAllByTitle": [Function],
  "queryByAltText": [Function],
  "queryByDisplayValue": [Function],
  "queryByLabelText": [Function],
  "queryByPlaceholderText": [Function],
  "queryByRole": [Function],
  "queryByTestId": [Function],
  "queryByText": [Function],
  "queryByTitle": [Function],
  "rerender": [Function],
  "unmount": [Function],
}
`;
